
   PASS  Tests\Feature\Api\V1\Admin\CampaignAdminApiTest
  Γ£ô it lists campaigns as admin                                         38.28s  
  Γ£ô it creates a campaign as admin                                       1.71s  
  Γ£ô it validates required fields when creating a campaign                1.34s  
  Γ£ô it updates a campaign as admin                                       1.02s  
  Γ£ô it deletes a campaign as admin                                       0.97s  
  Γ£ô it denies campaign management to regular users                       1.06s  
  Γ£ô it creates a campaign category                                       0.79s  
  Γ£ô it lists campaign categories                                         0.61s  
  Γ£ô it validates unique slug for campaign categories                     0.59s  

   PASS  Tests\Feature\Api\V1\Admin\CouponAdminApiTest
  Γ£ô it lists coupons as admin                                            1.83s  
  Γ£ô it creates a coupon                                                  0.81s  
  Γ£ô it validates required fields for coupon creation                     0.68s  
  Γ£ô it validates expires_at is after starts_at                           0.79s  
  Γ£ô it denies coupon management to regular users                         0.65s  
  Γ£ô it creates a coupon category                                         0.70s  
  Γ£ô it lists coupon categories                                           0.58s  
  Γ£ô it lists coupon redemptions as admin                                 1.11s  
  Γ£ô it shows a single coupon redemption                                  0.70s  

   PASS  Tests\Feature\Api\V1\Admin\MerchantAdminApiTest
  Γ£ô it lists merchants as admin                                          0.62s  
  Γ£ô it creates a merchant                                                0.84s  
  Γ£ô it validates required fields for merchant creation                   0.79s  
  Γ£ô it validates unique slug for merchants                               0.66s  
  Γ£ô it updates a merchant                                                0.68s  
  Γ£ô it deletes a merchant                                                0.65s  
  Γ£ô it denies merchant management to regular users                       0.96s  
  Γ£ô it lists merchant locations as admin                                 0.91s  
  Γ£ô it creates a merchant location                                       0.91s  
  Γ£ô it validates required fields for merchant location                   0.77s  
  Γ£ô it filters merchant locations by merchant                            0.68s  

   PASS  Tests\Feature\Api\V1\Admin\SubscriptionTransactionAdminApiTest
  Γ£ô it lists subscription plans as admin                                 0.86s  
  Γ£ô it creates a subscription plan                                       0.68s  
  Γ£ô it validates required fields for subscription plan                   0.66s  
  Γ£ô it denies subscription plan management to regular users              0.79s  
  Γ£ô it lists user subscriptions as admin                                 0.75s  
  Γ£ô it filters user subscriptions by user                                0.71s  
  Γ£ô it lists transactions as admin                                       0.79s  
  Γ£ô it filters transactions by date range                                0.67s  
  Γ£ô it denies transaction viewing to regular users                       0.72s  

   PASS  Tests\Feature\Api\V1\Admin\UserQrLoanRoleAdminApiTest
  Γ£ô it lists users as admin                                              0.92s  
  Γ£ô it creates a user as admin                                           1.90s  
  Γ£ô it validates required fields for user creation                       0.79s  
  Γ£ô it validates unique email for user creation                          0.82s  
  Γ£ô it deletes a user as admin                                           0.68s  
  Γ£ô it denies user management to regular users                           0.84s  
  Γ£ô it lists stamps as admin                                             0.89s  
  Γ£ô it lists QR codes as admin                                           0.86s  
  Γ£ô it generates a batch of QR codes                                     1.02s  
  Γ£ô it validates batch count limits                                      0.77s  
  Γ£ô it links a QR code to a merchant location                            0.88s  
  Γ£ô it lists loan tiers as admin                                         0.88s  
  Γ£ô it creates a loan tier                                               0.82s  
  Γ£ô it validates min_streak_months minimum for loan tiers                0.76s  
  Γ£ô it denies loan tier management to regular users                      0.90s  
  Γ£ô it lists roles as admin                                              0.87s  
  Γ£ô it creates a role with permissions                                   0.88s  
  Γ£ô it validates unique role name                                        0.80s  
  Γ£ô it lists permissions as admin                                        0.75s  
  Γ£ô it creates a permission                                              0.61s  
  Γ£ô it denies role management to regular users                           0.62s  

   PASS  Tests\Feature\Api\V1\AuthApiTest
  Γ£ô it sends OTP with a valid identifier                                 1.51s  
  Γ£ô it validates identifier is required for OTP send                     0.60s  
  Γ£ô it creates a new user when sending OTP to unknown email              0.58s  
  Γ£ô it creates a new user when sending OTP to unknown mobile             0.66s  
  Γ£ô it verifies OTP and returns a token                                  0.81s  
  Γ£ô it fails OTP verification with wrong code                            0.77s  
  Γ£ô it validates required fields for OTP verify                          0.61s  
  Γ£ô it returns the authenticated user                                    0.69s  
  Γ£ô it returns 401 for unauthenticated user request                      0.66s  
  Γ£ô it logs out the authenticated user                                   0.69s  
  Γ£ô it returns 401 when logging out without authentication               0.62s  

   FAIL  Tests\Feature\Api\V1\CampaignApiTest
  Γ£ô it lists campaigns publicly                                          0.67s  
  Γ¿» it filters campaigns by category                                     2.30s  
  ΓöÇΓöÇΓöÇΓöÇΓöÇΓöÇΓöÇΓöÇΓöÇΓöÇΓöÇΓöÇΓöÇΓöÇΓöÇΓöÇΓöÇΓöÇΓöÇΓöÇΓöÇΓöÇΓöÇΓöÇΓöÇΓöÇΓöÇΓöÇΓöÇΓöÇΓöÇΓöÇΓöÇΓöÇΓöÇΓöÇΓöÇΓöÇΓöÇΓöÇΓöÇΓöÇΓöÇΓöÇΓöÇΓöÇΓöÇΓöÇΓöÇΓöÇΓöÇΓöÇΓöÇΓöÇΓöÇΓöÇΓöÇΓöÇΓöÇΓöÇΓöÇΓöÇΓöÇΓöÇΓöÇΓöÇΓöÇΓöÇΓöÇΓöÇΓöÇΓöÇΓöÇΓöÇΓöÇΓöÇ  
   FAILED  Tests\Feature\Api\V1\CampaignApiTest > it filters campaigns by caΓÇª   
  Failed to assert that the response count matched the expected 2
Failed asserting that actual size 3 matches expected size 2.

  at tests\Feature\Api\V1\CampaignApiTest.php:31
     27Γûò     Campaign::factory()->create();
     28Γûò 
     29Γûò     $this->getJson('/api/v1/campaigns?filter[category_id]='.$category->id)
     30Γûò         ->assertSuccessful()
  Γ₧£  31Γûò         ->assertJsonCount(2, 'data');
     32Γûò });
     33Γûò 
     34Γûò it('filters campaigns by status', function () {
     35Γûò     Campaign::factory()->count(2)->create(['status' => CampaignStatus::Active]);


  Tests:    1 failed, 71 passed, [2m44 pending[22m (175 assertions)
  Duration: 121.32s

